.\mvnw.cmd : WARNING: A restricted method in java.lang.System has been called
At line:1 char:98
+ ... $env:PATH"; .\mvnw.cmd clean compile > compile_output.txt 2>&1; Get-C ...
+                 ~~~~~~~~~~~~~~~~~~~~~~~~~~~~~~~~~~~~~~~~~~~~~~~~~~
    + CategoryInfo          : NotSpecified: (WARNING: A rest...has been called:String) [], RemoteException
    + FullyQualifiedErrorId : NativeCommandError
 
WARNING: java.lang.System::load has been called by org.fusesource.jansi.internal.JansiLoader in an unnamed module (file
:/C:/Users/truon/.m2/wrapper/dists/apache-maven-3.8.4-bin/52ccbt68d252mdldqsfsn03jlf/apache-maven-3.8.4/lib/jansi-2.4.0
.jar)
WARNING: Use --enable-native-access=ALL-UNNAMED to avoid a warning for callers in this module
WARNING: Restricted methods will be blocked in a future release unless native access is enabled

WARNING: A terminally deprecated method in sun.misc.Unsafe has been called
WARNING: sun.misc.Unsafe::objectFieldOffset has been called by 
com.google.common.util.concurrent.AbstractFuture$UnsafeAtomicHelper (file:/C:/Users/truon/.m2/wrapper/dists/apache-mave
n-3.8.4-bin/52ccbt68d252mdldqsfsn03jlf/apache-maven-3.8.4/lib/guava-25.1-android.jar)
WARNING: Please consider reporting this to the maintainers of class 
com.google.common.util.concurrent.AbstractFuture$UnsafeAtomicHelper
WARNING: sun.misc.Unsafe::objectFieldOffset will be removed in a future release
WARNING: Final field _cipher in class org.sonatype.plexus.components.sec.dispatcher.DefaultSecDispatcher has been 
mutated reflectively by class org.eclipse.sisu.bean.BeanPropertyField in unnamed module @7d68ef40 (file:/C:/Users/truon
/.m2/wrapper/dists/apache-maven-3.8.4-bin/52ccbt68d252mdldqsfsn03jlf/apache-maven-3.8.4/lib/org.eclipse.sisu.inject-0.3
.5.jar)
WARNING: Use --enable-final-field-mutation=ALL-UNNAMED to avoid a warning
WARNING: Mutating final fields will be blocked in a future release unless final field mutation is enabled
[INFO] Scanning for projects...
[INFO] 
[INFO] -------------------------< com.hacker:boooks >--------------------------
[INFO] Building boooks 0.0.1-SNAPSHOT
[INFO] --------------------------------[ jar ]---------------------------------
[INFO] 
[INFO] --- maven-clean-plugin:3.2.0:clean (default-clean) @ boooks ---
[INFO] Deleting D:\yyyuuu\qtricsdl\Boooks-main\Boooks-main\target
[INFO] 
[INFO] --- maven-resources-plugin:3.3.1:resources (default-resources) @ boooks ---
[INFO] Copying 1 resource from src\main\resources to target\classes
[INFO] Copying 5 resources from src\main\resources to target\classes
[INFO] 
[INFO] --- maven-compiler-plugin:3.10.1:compile (default-compile) @ boooks ---
[INFO] Changes detected - recompiling the module!
[INFO] Compiling 63 source files to D:\yyyuuu\qtricsdl\Boooks-main\Boooks-main\target\classes
[INFO] -------------------------------------------------------------
[ERROR] COMPILATION ERROR : 
[INFO] -------------------------------------------------------------
[ERROR] /D:/yyyuuu/qtricsdl/Boooks-main/Boooks-main/src/main/java/com/hacker/boooks/controller/MemberController.java:[49,29] constructor MemberBO in class com.hacker.boooks.bean.MemberBO cannot be applied to given types;
  required: no arguments
  found:    java.lang.String,java.lang.String,java.lang.String
  reason: actual and formal argument lists differ in length
[ERROR] /D:/yyyuuu/qtricsdl/Boooks-main/Boooks-main/src/main/java/com/hacker/boooks/controller/MemberController.java:[56,29] constructor MemberBO in class com.hacker.boooks.bean.MemberBO cannot be applied to given types;
  required: no arguments
  found:    java.lang.String,java.lang.String,java.lang.String
  reason: actual and formal argument lists differ in length
[ERROR] /D:/yyyuuu/qtricsdl/Boooks-main/Boooks-main/src/main/java/com/hacker/boooks/service/impl/FineServiceImpl.java:[40,17] cannot find symbol
  symbol:   variable log
  location: class com.hacker.boooks.service.impl.FineServiceImpl
[ERROR] /D:/yyyuuu/qtricsdl/Boooks-main/Boooks-main/src/main/java/com/hacker/boooks/service/impl/FineServiceImpl.java:[45,73] cannot find symbol
  symbol:   method getFineAmount()
  location: variable fineEntity of type com.hacker.boooks.entity.FineEntity
[ERROR] /D:/yyyuuu/qtricsdl/Boooks-main/Boooks-main/src/main/java/com/hacker/boooks/service/impl/FineServiceImpl.java:[45,44] cannot find symbol
  symbol:   method getDaysOverdue()
  location: variable fineEntity of type com.hacker.boooks.entity.FineEntity
[ERROR] /D:/yyyuuu/qtricsdl/Boooks-main/Boooks-main/src/main/java/com/hacker/boooks/service/impl/FineServiceImpl.java:[47,13] cannot find symbol
  symbol:   variable log
  location: class com.hacker.boooks.service.impl.FineServiceImpl
[ERROR] /D:/yyyuuu/qtricsdl/Boooks-main/Boooks-main/src/main/java/com/hacker/boooks/service/impl/FineServiceImpl.java:[50,13] cannot find symbol
  symbol:   variable log
  location: class com.hacker.boooks.service.impl.FineServiceImpl
[ERROR] /D:/yyyuuu/qtricsdl/Boooks-main/Boooks-main/src/main/java/com/hacker/boooks/service/impl/FineServiceImpl.java:[67,17] cannot find symbol
  symbol:   variable log
  location: class com.hacker.boooks.service.impl.FineServiceImpl
[ERROR] /D:/yyyuuu/qtricsdl/Boooks-main/Boooks-main/src/main/java/com/hacker/boooks/service/impl/FineServiceImpl.java:[72,23] cannot find symbol
  symbol:   method setDaysOverdue(int)
  location: variable fineEntity of type com.hacker.boooks.entity.FineEntity
[ERROR] /D:/yyyuuu/qtricsdl/Boooks-main/Boooks-main/src/main/java/com/hacker/boooks/service/impl/FineServiceImpl.java:[75,13] cannot find symbol
  symbol:   variable log
  location: class com.hacker.boooks.service.impl.FineServiceImpl
[ERROR] /D:/yyyuuu/qtricsdl/Boooks-main/Boooks-main/src/main/java/com/hacker/boooks/service/impl/FineServiceImpl.java:[78,13] cannot find symbol
  symbol:   variable log
  location: class com.hacker.boooks.service.impl.FineServiceImpl
[ERROR] /D:/yyyuuu/qtricsdl/Boooks-main/Boooks-main/src/main/java/com/hacker/boooks/service/impl/FineServiceImpl.java:[95,17] cannot find symbol
  symbol:   variable log
  location: class com.hacker.boooks.service.impl.FineServiceImpl
[ERROR] /D:/yyyuuu/qtricsdl/Boooks-main/Boooks-main/src/main/java/com/hacker/boooks/service/impl/FineServiceImpl.java:[100,23] cannot find symbol
  symbol:   method setFineAmount(float)
  location: variable fineEntity of type com.hacker.boooks.entity.FineEntity
[ERROR] /D:/yyyuuu/qtricsdl/Boooks-main/Boooks-main/src/main/java/com/hacker/boooks/service/impl/FineServiceImpl.java:[103,13] cannot find symbol
  symbol:   variable log
  location: class com.hacker.boooks.service.impl.FineServiceImpl
[ERROR] /D:/yyyuuu/qtricsdl/Boooks-main/Boooks-main/src/main/java/com/hacker/boooks/service/impl/FineServiceImpl.java:[106,13] cannot find symbol
  symbol:   variable log
  location: class com.hacker.boooks.service.impl.FineServiceImpl
[ERROR] /D:/yyyuuu/qtricsdl/Boooks-main/Boooks-main/src/main/java/com/hacker/boooks/service/impl/SearchServiceImpl.java:[39,13] cannot find symbol
  symbol:   variable log
  location: class com.hacker.boooks.service.impl.SearchServiceImpl
[ERROR] /D:/yyyuuu/qtricsdl/Boooks-main/Boooks-main/src/main/java/com/hacker/boooks/service/impl/SearchServiceImpl.java:[40,13] cannot find symbol
  symbol:   variable log
  location: class com.hacker.boooks.service.impl.SearchServiceImpl
[ERROR] /D:/yyyuuu/qtricsdl/Boooks-main/Boooks-main/src/main/java/com/hacker/boooks/service/impl/SearchServiceImpl.java:[45,78] cannot find symbol
  symbol:   method getBookId()
  location: variable bookEntity of type com.hacker.boooks.entity.BookEntity
[ERROR] /D:/yyyuuu/qtricsdl/Boooks-main/Boooks-main/src/main/java/com/hacker/boooks/service/impl/SearchServiceImpl.java:[50,80] cannot find symbol
  symbol:   method getMemberId()
  location: variable memberEntity of type com.hacker.boooks.entity.MemberEntity
[ERROR] /D:/yyyuuu/qtricsdl/Boooks-main/Boooks-main/src/main/java/com/hacker/boooks/service/impl/SearchServiceImpl.java:[56,13] cannot find symbol
  symbol:   variable log
  location: class com.hacker.boooks.service.impl.SearchServiceImpl
[ERROR] /D:/yyyuuu/qtricsdl/Boooks-main/Boooks-main/src/main/java/com/hacker/boooks/controller/BookController.java:[51,25] constructor BookBO in class com.hacker.boooks.bean.BookBO cannot be applied to given types;
  required: no arguments
  found:    java.lang.String,java.lang.String,java.lang.String,java.time.LocalDate
  reason: actual and formal argument lists differ in length
[ERROR] /D:/yyyuuu/qtricsdl/Boooks-main/Boooks-main/src/main/java/com/hacker/boooks/controller/BookController.java:[59,25] constructor BookBO in class com.hacker.boooks.bean.BookBO cannot be applied to given types;
  required: no arguments
  found:    java.lang.String,java.lang.String,java.lang.String,java.time.LocalDate
  reason: actual and formal argument lists differ in length
[ERROR] /D:/yyyuuu/qtricsdl/Boooks-main/Boooks-main/src/main/java/com/hacker/boooks/service/impl/MemberServiceImpl.java:[35,125] cannot find symbol
  symbol:   method getPhoneNumber()
  location: variable m of type com.hacker.boooks.entity.MemberEntity
[ERROR] /D:/yyyuuu/qtricsdl/Boooks-main/Boooks-main/src/main/java/com/hacker/boooks/service/impl/MemberServiceImpl.java:[35,111] cannot find symbol
  symbol:   method getEmail()
  location: variable m of type com.hacker.boooks.entity.MemberEntity
[ERROR] /D:/yyyuuu/qtricsdl/Boooks-main/Boooks-main/src/main/java/com/hacker/boooks/service/impl/MemberServiceImpl.java:[35,98] cannot find symbol
  symbol:   method getName()
  location: variable m of type com.hacker.boooks.entity.MemberEntity
[ERROR] /D:/yyyuuu/qtricsdl/Boooks-main/Boooks-main/src/main/java/com/hacker/boooks/service/impl/MemberServiceImpl.java:[35,81] cannot find symbol
  symbol:   method getMemberId()
  location: variable m of type com.hacker.boooks.entity.MemberEntity
[ERROR] /D:/yyyuuu/qtricsdl/Boooks-main/Boooks-main/src/main/java/com/hacker/boooks/service/impl/MemberServiceImpl.java:[35,152] incompatible types: inference variable T has incompatible bounds
    equality constraints: com.hacker.boooks.bean.Member
    lower bounds: java.lang.Object
[ERROR] /D:/yyyuuu/qtricsdl/Boooks-main/Boooks-main/src/main/java/com/hacker/boooks/service/impl/MemberServiceImpl.java:[50,94] cannot find symbol
  symbol:   method getPhoneNumber()
  location: variable m of type com.hacker.boooks.entity.MemberEntity
[ERROR] /D:/yyyuuu/qtricsdl/Boooks-main/Boooks-main/src/main/java/com/hacker/boooks/service/impl/MemberServiceImpl.java:[50,80] cannot find symbol
  symbol:   method getEmail()
  location: variable m of type com.hacker.boooks.entity.MemberEntity
[ERROR] /D:/yyyuuu/qtricsdl/Boooks-main/Boooks-main/src/main/java/com/hacker/boooks/service/impl/MemberServiceImpl.java:[50,67] cannot find symbol
  symbol:   method getName()
  location: variable m of type com.hacker.boooks.entity.MemberEntity
[ERROR] /D:/yyyuuu/qtricsdl/Boooks-main/Boooks-main/src/main/java/com/hacker/boooks/service/impl/MemberServiceImpl.java:[50,50] cannot find symbol
  symbol:   method getMemberId()
  location: variable m of type com.hacker.boooks.entity.MemberEntity
[ERROR] /D:/yyyuuu/qtricsdl/Boooks-main/Boooks-main/src/main/java/com/hacker/boooks/service/impl/MemberServiceImpl.java:[65,36] cannot find symbol
  symbol:   method getName()
  location: variable m of type com.hacker.boooks.entity.MemberEntity
[ERROR] /D:/yyyuuu/qtricsdl/Boooks-main/Boooks-main/src/main/java/com/hacker/boooks/service/impl/MemberServiceImpl.java:[66,37] cannot find symbol
  symbol:   method getEmail()
  location: variable m of type com.hacker.boooks.entity.MemberEntity
[ERROR] /D:/yyyuuu/qtricsdl/Boooks-main/Boooks-main/src/main/java/com/hacker/boooks/service/impl/MemberServiceImpl.java:[67,43] cannot find symbol
  symbol:   method getPhoneNumber()
  location: variable m of type com.hacker.boooks.entity.MemberEntity
[ERROR] /D:/yyyuuu/qtricsdl/Boooks-main/Boooks-main/src/main/java/com/hacker/boooks/service/impl/MemberServiceImpl.java:[72,94] cannot find symbol
  symbol:   method getCopyId()
  location: variable logEntity of type com.hacker.boooks.entity.LogEntity
[ERROR] /D:/yyyuuu/qtricsdl/Boooks-main/Boooks-main/src/main/java/com/hacker/boooks/service/impl/MemberServiceImpl.java:[74,99] cannot find symbol
  symbol:   method getBookId()
  location: class com.hacker.boooks.entity.BookCopyEntity
[ERROR] /D:/yyyuuu/qtricsdl/Boooks-main/Boooks-main/src/main/java/com/hacker/boooks/service/impl/MemberServiceImpl.java:[78,50] cannot find symbol
  symbol:   method getBookId()
  location: variable bookEntity of type com.hacker.boooks.entity.BookEntity
[ERROR] /D:/yyyuuu/qtricsdl/Boooks-main/Boooks-main/src/main/java/com/hacker/boooks/service/impl/MemberServiceImpl.java:[79,49] cannot find symbol
  symbol:   method getTitle()
  location: variable bookEntity of type com.hacker.boooks.entity.BookEntity
[ERROR] /D:/yyyuuu/qtricsdl/Boooks-main/Boooks-main/src/main/java/com/hacker/boooks/service/impl/MemberServiceImpl.java:[80,52] cannot find symbol
  symbol:   method getAuthors()
  location: variable bookEntity of type com.hacker.boooks.entity.BookEntity
[ERROR] /D:/yyyuuu/qtricsdl/Boooks-main/Boooks-main/src/main/java/com/hacker/boooks/service/impl/MemberServiceImpl.java:[80,79] invalid method reference
  cannot find symbol
    symbol:   method getName()
    location: class com.hacker.boooks.entity.AuthorEntity
[ERROR] /D:/yyyuuu/qtricsdl/Boooks-main/Boooks-main/src/main/java/com/hacker/boooks/service/impl/MemberServiceImpl.java:[81,29] cannot find symbol
  symbol:   method setAuthor(java.lang.String)
  location: variable book of type com.hacker.boooks.bean.Book
[ERROR] /D:/yyyuuu/qtricsdl/Boooks-main/Boooks-main/src/main/java/com/hacker/boooks/service/impl/MemberServiceImpl.java:[86,26] cannot find symbol
  symbol:   method setCurrentlyHolding(java.util.List<com.hacker.boooks.bean.Book>)
  location: variable memberProfile of type com.hacker.boooks.bean.MemberProfile
[ERROR] /D:/yyyuuu/qtricsdl/Boooks-main/Boooks-main/src/main/java/com/hacker/boooks/service/impl/MemberServiceImpl.java:[96,102] cannot find symbol
  symbol:   method getPhoneNumber()
  location: variable memberBO of type com.hacker.boooks.bean.MemberBO
[ERROR] /D:/yyyuuu/qtricsdl/Boooks-main/Boooks-main/src/main/java/com/hacker/boooks/service/impl/MemberServiceImpl.java:[96,81] cannot find symbol
  symbol:   method getEmail()
  location: variable memberBO of type com.hacker.boooks.bean.MemberBO
[ERROR] /D:/yyyuuu/qtricsdl/Boooks-main/Boooks-main/src/main/java/com/hacker/boooks/service/impl/MemberServiceImpl.java:[96,61] cannot find symbol
  symbol:   method getName()
  location: variable memberBO of type com.hacker.boooks.bean.MemberBO
[ERROR] /D:/yyyuuu/qtricsdl/Boooks-main/Boooks-main/src/main/java/com/hacker/boooks/service/impl/MemberServiceImpl.java:[112,31] cannot find symbol
  symbol:   method getName()
  location: variable memberBO of type com.hacker.boooks.bean.MemberBO
[ERROR] /D:/yyyuuu/qtricsdl/Boooks-main/Boooks-main/src/main/java/com/hacker/boooks/service/impl/MemberServiceImpl.java:[113,32] cannot find symbol
  symbol:   method getEmail()
  location: variable memberBO of type com.hacker.boooks.bean.MemberBO
[ERROR] /D:/yyyuuu/qtricsdl/Boooks-main/Boooks-main/src/main/java/com/hacker/boooks/service/impl/MemberServiceImpl.java:[114,38] cannot find symbol
  symbol:   method getPhoneNumber()
  location: variable memberBO of type com.hacker.boooks.bean.MemberBO
[ERROR] /D:/yyyuuu/qtricsdl/Boooks-main/Boooks-main/src/main/java/com/hacker/boooks/service/impl/MemberServiceImpl.java:[142,94] cannot find symbol
  symbol:   method getCopyId()
  location: variable logEntity of type com.hacker.boooks.entity.LogEntity
[ERROR] /D:/yyyuuu/qtricsdl/Boooks-main/Boooks-main/src/main/java/com/hacker/boooks/service/impl/MemberServiceImpl.java:[144,99] cannot find symbol
  symbol:   method getBookId()
  location: class com.hacker.boooks.entity.BookCopyEntity
[ERROR] /D:/yyyuuu/qtricsdl/Boooks-main/Boooks-main/src/main/java/com/hacker/boooks/service/impl/MemberServiceImpl.java:[148,50] cannot find symbol
  symbol:   method getBookId()
  location: variable bookEntity of type com.hacker.boooks.entity.BookEntity
[ERROR] /D:/yyyuuu/qtricsdl/Boooks-main/Boooks-main/src/main/java/com/hacker/boooks/service/impl/MemberServiceImpl.java:[149,49] cannot find symbol
  symbol:   method getTitle()
  location: variable bookEntity of type com.hacker.boooks.entity.BookEntity
[ERROR] /D:/yyyuuu/qtricsdl/Boooks-main/Boooks-main/src/main/java/com/hacker/boooks/service/impl/MemberServiceImpl.java:[150,52] cannot find symbol
  symbol:   method getAuthors()
  location: variable bookEntity of type com.hacker.boooks.entity.BookEntity
[ERROR] /D:/yyyuuu/qtricsdl/Boooks-main/Boooks-main/src/main/java/com/hacker/boooks/service/impl/MemberServiceImpl.java:[150,79] invalid method reference
  cannot find symbol
    symbol:   method getName()
    location: class com.hacker.boooks.entity.AuthorEntity
[ERROR] /D:/yyyuuu/qtricsdl/Boooks-main/Boooks-main/src/main/java/com/hacker/boooks/service/impl/MemberServiceImpl.java:[151,29] cannot find symbol
  symbol:   method setAuthor(java.lang.String)
  location: variable book of type com.hacker.boooks.bean.Book
[ERROR] /D:/yyyuuu/qtricsdl/Boooks-main/Boooks-main/src/main/java/com/hacker/boooks/entity/AuthEntity.java:[14,8] com.hacker.boooks.entity.AuthEntity is not abstract and does not override abstract method getUsername() in org.springframework.security.core.userdetails.UserDetails
[ERROR] /D:/yyyuuu/qtricsdl/Boooks-main/Boooks-main/src/main/java/com/hacker/boooks/service/impl/AuthenticationServiceImpl.java:[64,23] cannot find symbol
  symbol:   method setUsername(java.lang.String)
  location: variable authEntity of type com.hacker.boooks.entity.AuthEntity
[ERROR] /D:/yyyuuu/qtricsdl/Boooks-main/Boooks-main/src/main/java/com/hacker/boooks/service/impl/AuthenticationServiceImpl.java:[65,23] cannot find symbol
  symbol:   method setPassword(java.lang.String)
  location: variable authEntity of type com.hacker.boooks.entity.AuthEntity
[ERROR] /D:/yyyuuu/qtricsdl/Boooks-main/Boooks-main/src/main/java/com/hacker/boooks/service/impl/AuthenticationServiceImpl.java:[66,23] cannot find symbol
  symbol:   method setCreationTime(java.sql.Timestamp)
  location: variable authEntity of type com.hacker.boooks.entity.AuthEntity
[ERROR] /D:/yyyuuu/qtricsdl/Boooks-main/Boooks-main/src/main/java/com/hacker/boooks/service/impl/AuthenticationServiceImpl.java:[67,23] cannot find symbol
  symbol:   method setLastLogin(java.sql.Timestamp)
  location: variable authEntity of type com.hacker.boooks.entity.AuthEntity
[ERROR] /D:/yyyuuu/qtricsdl/Boooks-main/Boooks-main/src/main/java/com/hacker/boooks/service/impl/AuthenticationServiceImpl.java:[68,23] cannot find symbol
  symbol:   method setRefreshToken(java.lang.String)
  location: variable authEntity of type com.hacker.boooks.entity.AuthEntity
[ERROR] /D:/yyyuuu/qtricsdl/Boooks-main/Boooks-main/src/main/java/com/hacker/boooks/service/impl/AuthenticationServiceImpl.java:[69,23] cannot find symbol
  symbol:   method setIsActivated(boolean)
  location: variable authEntity of type com.hacker.boooks.entity.AuthEntity
[ERROR] /D:/yyyuuu/qtricsdl/Boooks-main/Boooks-main/src/main/java/com/hacker/boooks/service/impl/AuthenticationServiceImpl.java:[76,35] cannot find symbol
  symbol:   method setAccessToken(java.lang.String)
  location: variable authenticationResponse of type com.hacker.boooks.bean.AuthenticationResponse
[ERROR] /D:/yyyuuu/qtricsdl/Boooks-main/Boooks-main/src/main/java/com/hacker/boooks/service/impl/AuthenticationServiceImpl.java:[77,35] cannot find symbol
  symbol:   method setRefreshToken(java.lang.String)
  location: variable authenticationResponse of type com.hacker.boooks.bean.AuthenticationResponse
[ERROR] /D:/yyyuuu/qtricsdl/Boooks-main/Boooks-main/src/main/java/com/hacker/boooks/service/impl/AuthenticationServiceImpl.java:[79,13] cannot find symbol
  symbol:   variable log
  location: class com.hacker.boooks.service.impl.AuthenticationServiceImpl
[ERROR] /D:/yyyuuu/qtricsdl/Boooks-main/Boooks-main/src/main/java/com/hacker/boooks/service/impl/AuthenticationServiceImpl.java:[83,13] cannot find symbol
  symbol:   variable log
  location: class com.hacker.boooks.service.impl.AuthenticationServiceImpl
[ERROR] /D:/yyyuuu/qtricsdl/Boooks-main/Boooks-main/src/main/java/com/hacker/boooks/service/impl/AuthenticationServiceImpl.java:[103,48] cannot find symbol
  symbol:   method getIsActivated()
  location: variable authEntity of type com.hacker.boooks.entity.AuthEntity
[ERROR] /D:/yyyuuu/qtricsdl/Boooks-main/Boooks-main/src/main/java/com/hacker/boooks/service/impl/AuthenticationServiceImpl.java:[104,17] cannot find symbol
  symbol:   variable log
  location: class com.hacker.boooks.service.impl.AuthenticationServiceImpl
[ERROR] /D:/yyyuuu/qtricsdl/Boooks-main/Boooks-main/src/main/java/com/hacker/boooks/service/impl/AuthenticationServiceImpl.java:[110,23] cannot find symbol
  symbol:   method setLastLogin(java.sql.Timestamp)
  location: variable authEntity of type com.hacker.boooks.entity.AuthEntity
[ERROR] /D:/yyyuuu/qtricsdl/Boooks-main/Boooks-main/src/main/java/com/hacker/boooks/service/impl/AuthenticationServiceImpl.java:[111,23] cannot find symbol
  symbol:   method setRefreshToken(java.lang.String)
  location: variable authEntity of type com.hacker.boooks.entity.AuthEntity
[ERROR] /D:/yyyuuu/qtricsdl/Boooks-main/Boooks-main/src/main/java/com/hacker/boooks/service/impl/AuthenticationServiceImpl.java:[117,35] cannot find symbol
  symbol:   method setAccessToken(java.lang.String)
  location: variable authenticationResponse of type com.hacker.boooks.bean.AuthenticationResponse
[ERROR] /D:/yyyuuu/qtricsdl/Boooks-main/Boooks-main/src/main/java/com/hacker/boooks/service/impl/AuthenticationServiceImpl.java:[118,35] cannot find symbol
  symbol:   method setRefreshToken(java.lang.String)
  location: variable authenticationResponse of type com.hacker.boooks.bean.AuthenticationResponse
[ERROR] /D:/yyyuuu/qtricsdl/Boooks-main/Boooks-main/src/main/java/com/hacker/boooks/service/impl/AuthenticationServiceImpl.java:[120,13] cannot find symbol
  symbol:   variable log
  location: class com.hacker.boooks.service.impl.AuthenticationServiceImpl
[ERROR] /D:/yyyuuu/qtricsdl/Boooks-main/Boooks-main/src/main/java/com/hacker/boooks/service/impl/AuthenticationServiceImpl.java:[124,13] cannot find symbol
  symbol:   variable log
  location: class com.hacker.boooks.service.impl.AuthenticationServiceImpl
[ERROR] /D:/yyyuuu/qtricsdl/Boooks-main/Boooks-main/src/main/java/com/hacker/boooks/service/impl/AuthenticationServiceImpl.java:[127,13] cannot find symbol
  symbol:   variable log
  location: class com.hacker.boooks.service.impl.AuthenticationServiceImpl
[ERROR] /D:/yyyuuu/qtricsdl/Boooks-main/Boooks-main/src/main/java/com/hacker/boooks/service/impl/AuthenticationServiceImpl.java:[130,13] cannot find symbol
  symbol:   variable log
  location: class com.hacker.boooks.service.impl.AuthenticationServiceImpl
[ERROR] /D:/yyyuuu/qtricsdl/Boooks-main/Boooks-main/src/main/java/com/hacker/boooks/service/impl/AuthenticationServiceImpl.java:[148,27] cannot find symbol
  symbol:   method getRefreshToken()
  location: variable authEntity of type com.hacker.boooks.entity.AuthEntity
[ERROR] /D:/yyyuuu/qtricsdl/Boooks-main/Boooks-main/src/main/java/com/hacker/boooks/service/impl/AuthenticationServiceImpl.java:[150,36] cannot find symbol
  symbol:   method setAccessToken(java.lang.String)
  location: variable accessTokenResponse of type com.hacker.boooks.bean.AccessTokenResponse
[ERROR] /D:/yyyuuu/qtricsdl/Boooks-main/Boooks-main/src/main/java/com/hacker/boooks/service/impl/AuthenticationServiceImpl.java:[153,17] cannot find symbol
  symbol:   variable log
  location: class com.hacker.boooks.service.impl.AuthenticationServiceImpl
[ERROR] /D:/yyyuuu/qtricsdl/Boooks-main/Boooks-main/src/main/java/com/hacker/boooks/service/impl/AuthenticationServiceImpl.java:[157,13] cannot find symbol
  symbol:   variable log
  location: class com.hacker.boooks.service.impl.AuthenticationServiceImpl
[ERROR] /D:/yyyuuu/qtricsdl/Boooks-main/Boooks-main/src/main/java/com/hacker/boooks/service/impl/AuthenticationServiceImpl.java:[160,13] cannot find symbol
  symbol:   variable log
  location: class com.hacker.boooks.service.impl.AuthenticationServiceImpl
[ERROR] /D:/yyyuuu/qtricsdl/Boooks-main/Boooks-main/src/main/java/com/hacker/boooks/service/impl/AuthenticationServiceImpl.java:[177,23] cannot find symbol
  symbol:   method setRefreshToken(<nulltype>)
  location: variable authEntity of type com.hacker.boooks.entity.AuthEntity
[ERROR] /D:/yyyuuu/qtricsdl/Boooks-main/Boooks-main/src/main/java/com/hacker/boooks/service/impl/AuthenticationServiceImpl.java:[182,13] cannot find symbol
  symbol:   variable log
  location: class com.hacker.boooks.service.impl.AuthenticationServiceImpl
[ERROR] /D:/yyyuuu/qtricsdl/Boooks-main/Boooks-main/src/main/java/com/hacker/boooks/service/impl/AuthenticationServiceImpl.java:[185,13] cannot find symbol
  symbol:   variable log
  location: class com.hacker.boooks.service.impl.AuthenticationServiceImpl
[ERROR] /D:/yyyuuu/qtricsdl/Boooks-main/Boooks-main/src/main/java/com/hacker/boooks/service/impl/AuthenticationServiceImpl.java:[206,27] cannot find symbol
  symbol:   method getPassword()
  location: variable authEntity of type com.hacker.boooks.entity.AuthEntity
[ERROR] /D:/yyyuuu/qtricsdl/Boooks-main/Boooks-main/src/main/java/com/hacker/boooks/service/impl/AuthenticationServiceImpl.java:[207,27] cannot find symbol
  symbol:   method setPassword(java.lang.String)
  location: variable authEntity of type com.hacker.boooks.entity.AuthEntity
[ERROR] /D:/yyyuuu/qtricsdl/Boooks-main/Boooks-main/src/main/java/com/hacker/boooks/service/impl/AuthenticationServiceImpl.java:[215,13] cannot find symbol
  symbol:   variable log
  location: class com.hacker.boooks.service.impl.AuthenticationServiceImpl
[ERROR] /D:/yyyuuu/qtricsdl/Boooks-main/Boooks-main/src/main/java/com/hacker/boooks/service/impl/AuthenticationServiceImpl.java:[218,13] cannot find symbol
  symbol:   variable log
  location: class com.hacker.boooks.service.impl.AuthenticationServiceImpl
[ERROR] /D:/yyyuuu/qtricsdl/Boooks-main/Boooks-main/src/main/java/com/hacker/boooks/service/impl/AuthenticationServiceImpl.java:[221,13] cannot find symbol
  symbol:   variable log
  location: class com.hacker.boooks.service.impl.AuthenticationServiceImpl
[ERROR] /D:/yyyuuu/qtricsdl/Boooks-main/Boooks-main/src/main/java/com/hacker/boooks/service/impl/AuthenticationServiceImpl.java:[241,23] cannot find symbol
  symbol:   method setResetToken(java.lang.String)
  location: variable authEntity of type com.hacker.boooks.entity.AuthEntity
[ERROR] /D:/yyyuuu/qtricsdl/Boooks-main/Boooks-main/src/main/java/com/hacker/boooks/service/impl/AuthenticationServiceImpl.java:[246,13] cannot find symbol
  symbol:   variable log
  location: class com.hacker.boooks.service.impl.AuthenticationServiceImpl
[ERROR] /D:/yyyuuu/qtricsdl/Boooks-main/Boooks-main/src/main/java/com/hacker/boooks/service/impl/AuthenticationServiceImpl.java:[249,13] cannot find symbol
  symbol:   variable log
  location: class com.hacker.boooks.service.impl.AuthenticationServiceImpl
[ERROR] /D:/yyyuuu/qtricsdl/Boooks-main/Boooks-main/src/main/java/com/hacker/boooks/service/impl/AuthenticationServiceImpl.java:[269,40] cannot find symbol
  symbol:   method getResetToken()
  location: variable authEntity of type com.hacker.boooks.entity.AuthEntity
[ERROR] /D:/yyyuuu/qtricsdl/Boooks-main/Boooks-main/src/main/java/com/hacker/boooks/service/impl/AuthenticationServiceImpl.java:[270,27] cannot find symbol
  symbol:   method setPassword(java.lang.String)
  location: variable authEntity of type com.hacker.boooks.entity.AuthEntity
[ERROR] /D:/yyyuuu/qtricsdl/Boooks-main/Boooks-main/src/main/java/com/hacker/boooks/service/impl/AuthenticationServiceImpl.java:[271,27] cannot find symbol
  symbol:   method setRefreshToken(<nulltype>)
  location: variable authEntity of type com.hacker.boooks.entity.AuthEntity
[ERROR] /D:/yyyuuu/qtricsdl/Boooks-main/Boooks-main/src/main/java/com/hacker/boooks/service/impl/AuthenticationServiceImpl.java:[272,27] cannot find symbol
  symbol:   method setResetToken(<nulltype>)
  location: variable authEntity of type com.hacker.boooks.entity.AuthEntity
[ERROR] /D:/yyyuuu/qtricsdl/Boooks-main/Boooks-main/src/main/java/com/hacker/boooks/service/impl/AuthenticationServiceImpl.java:[278,17] cannot find symbol
  symbol:   variable log
  location: class com.hacker.boooks.service.impl.AuthenticationServiceImpl
[ERROR] /D:/yyyuuu/qtricsdl/Boooks-main/Boooks-main/src/main/java/com/hacker/boooks/service/impl/AuthenticationServiceImpl.java:[283,13] cannot find symbol
  symbol:   variable log
  location: class com.hacker.boooks.service.impl.AuthenticationServiceImpl
[ERROR] /D:/yyyuuu/qtricsdl/Boooks-main/Boooks-main/src/main/java/com/hacker/boooks/service/impl/AuthenticationServiceImpl.java:[286,13] cannot find symbol
  symbol:   variable log
  location: class com.hacker.boooks.service.impl.AuthenticationServiceImpl
[ERROR] /D:/yyyuuu/qtricsdl/Boooks-main/Boooks-main/src/main/java/com/hacker/boooks/service/impl/AuthenticationServiceImpl.java:[304,49] cannot find symbol
  symbol:   method getUsername()
  location: variable authEntity of type com.hacker.boooks.entity.AuthEntity
[INFO] 100 errors 
[INFO] -------------------------------------------------------------
[INFO] ------------------------------------------------------------------------
[INFO] BUILD FAILURE
[INFO] ------------------------------------------------------------------------
[INFO] Total time:  3.390 s
[INFO] Finished at: 2026-06-03T17:20:57+07:00
[INFO] ------------------------------------------------------------------------
[ERROR] Failed to execute goal org.apache.maven.plugins:maven-compiler-plugin:3.10.1:compile (default-compile) on project boooks: Compilation failure: Compilation failure: 
[ERROR] /D:/yyyuuu/qtricsdl/Boooks-main/Boooks-main/src/main/java/com/hacker/boooks/controller/MemberController.java:[49,29] constructor MemberBO in class com.hacker.boooks.bean.MemberBO cannot be applied to given types;
[ERROR]   required: no arguments
[ERROR]   found:    java.lang.String,java.lang.String,java.lang.String
[ERROR]   reason: actual and formal argument lists differ in length
[ERROR] /D:/yyyuuu/qtricsdl/Boooks-main/Boooks-main/src/main/java/com/hacker/boooks/controller/MemberController.java:[56,29] constructor MemberBO in class com.hacker.boooks.bean.MemberBO cannot be applied to given types;
[ERROR]   required: no arguments
[ERROR]   found:    java.lang.String,java.lang.String,java.lang.String
[ERROR]   reason: actual and formal argument lists differ in length
[ERROR] /D:/yyyuuu/qtricsdl/Boooks-main/Boooks-main/src/main/java/com/hacker/boooks/service/impl/FineServiceImpl.java:[40,17] cannot find symbol
[ERROR]   symbol:   variable log
[ERROR]   location: class com.hacker.boooks.service.impl.FineServiceImpl
[ERROR] /D:/yyyuuu/qtricsdl/Boooks-main/Boooks-main/src/main/java/com/hacker/boooks/service/impl/FineServiceImpl.java:[45,73] cannot find symbol
[ERROR]   symbol:   method getFineAmount()
[ERROR]   location: variable fineEntity of type com.hacker.boooks.entity.FineEntity
[ERROR] /D:/yyyuuu/qtricsdl/Boooks-main/Boooks-main/src/main/java/com/hacker/boooks/service/impl/FineServiceImpl.java:[45,44] cannot find symbol
[ERROR]   symbol:   method getDaysOverdue()
[ERROR]   location: variable fineEntity of type com.hacker.boooks.entity.FineEntity
[ERROR] /D:/yyyuuu/qtricsdl/Boooks-main/Boooks-main/src/main/java/com/hacker/boooks/service/impl/FineServiceImpl.java:[47,13] cannot find symbol
[ERROR]   symbol:   variable log
[ERROR]   location: class com.hacker.boooks.service.impl.FineServiceImpl
[ERROR] /D:/yyyuuu/qtricsdl/Boooks-main/Boooks-main/src/main/java/com/hacker/boooks/service/impl/FineServiceImpl.java:[50,13] cannot find symbol
[ERROR]   symbol:   variable log
[ERROR]   location: class com.hacker.boooks.service.impl.FineServiceImpl
[ERROR] /D:/yyyuuu/qtricsdl/Boooks-main/Boooks-main/src/main/java/com/hacker/boooks/service/impl/FineServiceImpl.java:[67,17] cannot find symbol
[ERROR]   symbol:   variable log
[ERROR]   location: class com.hacker.boooks.service.impl.FineServiceImpl
[ERROR] /D:/yyyuuu/qtricsdl/Boooks-main/Boooks-main/src/main/java/com/hacker/boooks/service/impl/FineServiceImpl.java:[72,23] cannot find symbol
[ERROR]   symbol:   method setDaysOverdue(int)
[ERROR]   location: variable fineEntity of type com.hacker.boooks.entity.FineEntity
[ERROR] /D:/yyyuuu/qtricsdl/Boooks-main/Boooks-main/src/main/java/com/hacker/boooks/service/impl/FineServiceImpl.java:[75,13] cannot find symbol
[ERROR]   symbol:   variable log
[ERROR]   location: class com.hacker.boooks.service.impl.FineServiceImpl
[ERROR] /D:/yyyuuu/qtricsdl/Boooks-main/Boooks-main/src/main/java/com/hacker/boooks/service/impl/FineServiceImpl.java:[78,13] cannot find symbol
[ERROR]   symbol:   variable log
[ERROR]   location: class com.hacker.boooks.service.impl.FineServiceImpl
[ERROR] /D:/yyyuuu/qtricsdl/Boooks-main/Boooks-main/src/main/java/com/hacker/boooks/service/impl/FineServiceImpl.java:[95,17] cannot find symbol
[ERROR]   symbol:   variable log
[ERROR]   location: class com.hacker.boooks.service.impl.FineServiceImpl
[ERROR] /D:/yyyuuu/qtricsdl/Boooks-main/Boooks-main/src/main/java/com/hacker/boooks/service/impl/FineServiceImpl.java:[100,23] cannot find symbol
[ERROR]   symbol:   method setFineAmount(float)
[ERROR]   location: variable fineEntity of type com.hacker.boooks.entity.FineEntity
[ERROR] /D:/yyyuuu/qtricsdl/Boooks-main/Boooks-main/src/main/java/com/hacker/boooks/service/impl/FineServiceImpl.java:[103,13] cannot find symbol
[ERROR]   symbol:   variable log
[ERROR]   location: class com.hacker.boooks.service.impl.FineServiceImpl
[ERROR] /D:/yyyuuu/qtricsdl/Boooks-main/Boooks-main/src/main/java/com/hacker/boooks/service/impl/FineServiceImpl.java:[106,13] cannot find symbol
[ERROR]   symbol:   variable log
[ERROR]   location: class com.hacker.boooks.service.impl.FineServiceImpl
[ERROR] /D:/yyyuuu/qtricsdl/Boooks-main/Boooks-main/src/main/java/com/hacker/boooks/service/impl/SearchServiceImpl.java:[39,13] cannot find symbol
[ERROR]   symbol:   variable log
[ERROR]   location: class com.hacker.boooks.service.impl.SearchServiceImpl
[ERROR] /D:/yyyuuu/qtricsdl/Boooks-main/Boooks-main/src/main/java/com/hacker/boooks/service/impl/SearchServiceImpl.java:[40,13] cannot find symbol
[ERROR]   symbol:   variable log
[ERROR]   location: class com.hacker.boooks.service.impl.SearchServiceImpl
[ERROR] /D:/yyyuuu/qtricsdl/Boooks-main/Boooks-main/src/main/java/com/hacker/boooks/service/impl/SearchServiceImpl.java:[45,78] cannot find symbol
[ERROR]   symbol:   method getBookId()
[ERROR]   location: variable bookEntity of type com.hacker.boooks.entity.BookEntity
[ERROR] /D:/yyyuuu/qtricsdl/Boooks-main/Boooks-main/src/main/java/com/hacker/boooks/service/impl/SearchServiceImpl.java:[50,80] cannot find symbol
[ERROR]   symbol:   method getMemberId()
[ERROR]   location: variable memberEntity of type com.hacker.boooks.entity.MemberEntity
[ERROR] /D:/yyyuuu/qtricsdl/Boooks-main/Boooks-main/src/main/java/com/hacker/boooks/service/impl/SearchServiceImpl.java:[56,13] cannot find symbol
[ERROR]   symbol:   variable log
[ERROR]   location: class com.hacker.boooks.service.impl.SearchServiceImpl
[ERROR] /D:/yyyuuu/qtricsdl/Boooks-main/Boooks-main/src/main/java/com/hacker/boooks/controller/BookController.java:[51,25] constructor BookBO in class com.hacker.boooks.bean.BookBO cannot be applied to given types;
[ERROR]   required: no arguments
[ERROR]   found:    java.lang.String,java.lang.String,java.lang.String,java.time.LocalDate
[ERROR]   reason: actual and formal argument lists differ in length
[ERROR] /D:/yyyuuu/qtricsdl/Boooks-main/Boooks-main/src/main/java/com/hacker/boooks/controller/BookController.java:[59,25] constructor BookBO in class com.hacker.boooks.bean.BookBO cannot be applied to given types;
[ERROR]   required: no arguments
[ERROR]   found:    java.lang.String,java.lang.String,java.lang.String,java.time.LocalDate
[ERROR]   reason: actual and formal argument lists differ in length
[ERROR] /D:/yyyuuu/qtricsdl/Boooks-main/Boooks-main/src/main/java/com/hacker/boooks/service/impl/MemberServiceImpl.java:[35,125] cannot find symbol
[ERROR]   symbol:   method getPhoneNumber()
[ERROR]   location: variable m of type com.hacker.boooks.entity.MemberEntity
[ERROR] /D:/yyyuuu/qtricsdl/Boooks-main/Boooks-main/src/main/java/com/hacker/boooks/service/impl/MemberServiceImpl.java:[35,111] cannot find symbol
[ERROR]   symbol:   method getEmail()
[ERROR]   location: variable m of type com.hacker.boooks.entity.MemberEntity
[ERROR] /D:/yyyuuu/qtricsdl/Boooks-main/Boooks-main/src/main/java/com/hacker/boooks/service/impl/MemberServiceImpl.java:[35,98] cannot find symbol
[ERROR]   symbol:   method getName()
[ERROR]   location: variable m of type com.hacker.boooks.entity.MemberEntity
[ERROR] /D:/yyyuuu/qtricsdl/Boooks-main/Boooks-main/src/main/java/com/hacker/boooks/service/impl/MemberServiceImpl.java:[35,81] cannot find symbol
[ERROR]   symbol:   method getMemberId()
[ERROR]   location: variable m of type com.hacker.boooks.entity.MemberEntity
[ERROR] /D:/yyyuuu/qtricsdl/Boooks-main/Boooks-main/src/main/java/com/hacker/boooks/service/impl/MemberServiceImpl.java:[35,152] incompatible types: inference variable T has incompatible bounds
[ERROR]     equality constraints: com.hacker.boooks.bean.Member
[ERROR]     lower bounds: java.lang.Object
[ERROR] /D:/yyyuuu/qtricsdl/Boooks-main/Boooks-main/src/main/java/com/hacker/boooks/service/impl/MemberServiceImpl.java:[50,94] cannot find symbol
[ERROR]   symbol:   method getPhoneNumber()
[ERROR]   location: variable m of type com.hacker.boooks.entity.MemberEntity
[ERROR] /D:/yyyuuu/qtricsdl/Boooks-main/Boooks-main/src/main/java/com/hacker/boooks/service/impl/MemberServiceImpl.java:[50,80] cannot find symbol
[ERROR]   symbol:   method getEmail()
[ERROR]   location: variable m of type com.hacker.boooks.entity.MemberEntity
[ERROR] /D:/yyyuuu/qtricsdl/Boooks-main/Boooks-main/src/main/java/com/hacker/boooks/service/impl/MemberServiceImpl.java:[50,67] cannot find symbol
[ERROR]   symbol:   method getName()
[ERROR]   location: variable m of type com.hacker.boooks.entity.MemberEntity
[ERROR] /D:/yyyuuu/qtricsdl/Boooks-main/Boooks-main/src/main/java/com/hacker/boooks/service/impl/MemberServiceImpl.java:[50,50] cannot find symbol
[ERROR]   symbol:   method getMemberId()
[ERROR]   location: variable m of type com.hacker.boooks.entity.MemberEntity
[ERROR] /D:/yyyuuu/qtricsdl/Boooks-main/Boooks-main/src/main/java/com/hacker/boooks/service/impl/MemberServiceImpl.java:[65,36] cannot find symbol
[ERROR]   symbol:   method getName()
[ERROR]   location: variable m of type com.hacker.boooks.entity.MemberEntity
[ERROR] /D:/yyyuuu/qtricsdl/Boooks-main/Boooks-main/src/main/java/com/hacker/boooks/service/impl/MemberServiceImpl.java:[66,37] cannot find symbol
[ERROR]   symbol:   method getEmail()
[ERROR]   location: variable m of type com.hacker.boooks.entity.MemberEntity
[ERROR] /D:/yyyuuu/qtricsdl/Boooks-main/Boooks-main/src/main/java/com/hacker/boooks/service/impl/MemberServiceImpl.java:[67,43] cannot find symbol
[ERROR]   symbol:   method getPhoneNumber()
[ERROR]   location: variable m of type com.hacker.boooks.entity.MemberEntity
[ERROR] /D:/yyyuuu/qtricsdl/Boooks-main/Boooks-main/src/main/java/com/hacker/boooks/service/impl/MemberServiceImpl.java:[72,94] cannot find symbol
[ERROR]   symbol:   method getCopyId()
[ERROR]   location: variable logEntity of type com.hacker.boooks.entity.LogEntity
[ERROR] /D:/yyyuuu/qtricsdl/Boooks-main/Boooks-main/src/main/java/com/hacker/boooks/service/impl/MemberServiceImpl.java:[74,99] cannot find symbol
[ERROR]   symbol:   method getBookId()
[ERROR]   location: class com.hacker.boooks.entity.BookCopyEntity
[ERROR] /D:/yyyuuu/qtricsdl/Boooks-main/Boooks-main/src/main/java/com/hacker/boooks/service/impl/MemberServiceImpl.java:[78,50] cannot find symbol
[ERROR]   symbol:   method getBookId()
[ERROR]   location: variable bookEntity of type com.hacker.boooks.entity.BookEntity
[ERROR] /D:/yyyuuu/qtricsdl/Boooks-main/Boooks-main/src/main/java/com/hacker/boooks/service/impl/MemberServiceImpl.java:[79,49] cannot find symbol
[ERROR]   symbol:   method getTitle()
[ERROR]   location: variable bookEntity of type com.hacker.boooks.entity.BookEntity
[ERROR] /D:/yyyuuu/qtricsdl/Boooks-main/Boooks-main/src/main/java/com/hacker/boooks/service/impl/MemberServiceImpl.java:[80,52] cannot find symbol
[ERROR]   symbol:   method getAuthors()
[ERROR]   location: variable bookEntity of type com.hacker.boooks.entity.BookEntity
[ERROR] /D:/yyyuuu/qtricsdl/Boooks-main/Boooks-main/src/main/java/com/hacker/boooks/service/impl/MemberServiceImpl.java:[80,79] invalid method reference
[ERROR]   cannot find symbol
[ERROR]     symbol:   method getName()
[ERROR]     location: class com.hacker.boooks.entity.AuthorEntity
[ERROR] /D:/yyyuuu/qtricsdl/Boooks-main/Boooks-main/src/main/java/com/hacker/boooks/service/impl/MemberServiceImpl.java:[81,29] cannot find symbol
[ERROR]   symbol:   method setAuthor(java.lang.String)
[ERROR]   location: variable book of type com.hacker.boooks.bean.Book
[ERROR] /D:/yyyuuu/qtricsdl/Boooks-main/Boooks-main/src/main/java/com/hacker/boooks/service/impl/MemberServiceImpl.java:[86,26] cannot find symbol
[ERROR]   symbol:   method setCurrentlyHolding(java.util.List<com.hacker.boooks.bean.Book>)
[ERROR]   location: variable memberProfile of type com.hacker.boooks.bean.MemberProfile
[ERROR] /D:/yyyuuu/qtricsdl/Boooks-main/Boooks-main/src/main/java/com/hacker/boooks/service/impl/MemberServiceImpl.java:[96,102] cannot find symbol
[ERROR]   symbol:   method getPhoneNumber()
[ERROR]   location: variable memberBO of type com.hacker.boooks.bean.MemberBO
[ERROR] /D:/yyyuuu/qtricsdl/Boooks-main/Boooks-main/src/main/java/com/hacker/boooks/service/impl/MemberServiceImpl.java:[96,81] cannot find symbol
[ERROR]   symbol:   method getEmail()
[ERROR]   location: variable memberBO of type com.hacker.boooks.bean.MemberBO
[ERROR] /D:/yyyuuu/qtricsdl/Boooks-main/Boooks-main/src/main/java/com/hacker/boooks/service/impl/MemberServiceImpl.java:[96,61] cannot find symbol
[ERROR]   symbol:   method getName()
[ERROR]   location: variable memberBO of type com.hacker.boooks.bean.MemberBO
[ERROR] /D:/yyyuuu/qtricsdl/Boooks-main/Boooks-main/src/main/java/com/hacker/boooks/service/impl/MemberServiceImpl.java:[112,31] cannot find symbol
[ERROR]   symbol:   method getName()
[ERROR]   location: variable memberBO of type com.hacker.boooks.bean.MemberBO
[ERROR] /D:/yyyuuu/qtricsdl/Boooks-main/Boooks-main/src/main/java/com/hacker/boooks/service/impl/MemberServiceImpl.java:[113,32] cannot find symbol
[ERROR]   symbol:   method getEmail()
[ERROR]   location: variable memberBO of type com.hacker.boooks.bean.MemberBO
[ERROR] /D:/yyyuuu/qtricsdl/Boooks-main/Boooks-main/src/main/java/com/hacker/boooks/service/impl/MemberServiceImpl.java:[114,38] cannot find symbol
[ERROR]   symbol:   method getPhoneNumber()
[ERROR]   location: variable memberBO of type com.hacker.boooks.bean.MemberBO
[ERROR] /D:/yyyuuu/qtricsdl/Boooks-main/Boooks-main/src/main/java/com/hacker/boooks/service/impl/MemberServiceImpl.java:[142,94] cannot find symbol
[ERROR]   symbol:   method getCopyId()
[ERROR]   location: variable logEntity of type com.hacker.boooks.entity.LogEntity
[ERROR] /D:/yyyuuu/qtricsdl/Boooks-main/Boooks-main/src/main/java/com/hacker/boooks/service/impl/MemberServiceImpl.java:[144,99] cannot find symbol
[ERROR]   symbol:   method getBookId()
[ERROR]   location: class com.hacker.boooks.entity.BookCopyEntity
[ERROR] /D:/yyyuuu/qtricsdl/Boooks-main/Boooks-main/src/main/java/com/hacker/boooks/service/impl/MemberServiceImpl.java:[148,50] cannot find symbol
[ERROR]   symbol:   method getBookId()
[ERROR]   location: variable bookEntity of type com.hacker.boooks.entity.BookEntity
[ERROR] /D:/yyyuuu/qtricsdl/Boooks-main/Boooks-main/src/main/java/com/hacker/boooks/service/impl/MemberServiceImpl.java:[149,49] cannot find symbol
[ERROR]   symbol:   method getTitle()
[ERROR]   location: variable bookEntity of type com.hacker.boooks.entity.BookEntity
[ERROR] /D:/yyyuuu/qtricsdl/Boooks-main/Boooks-main/src/main/java/com/hacker/boooks/service/impl/MemberServiceImpl.java:[150,52] cannot find symbol
[ERROR]   symbol:   method getAuthors()
[ERROR]   location: variable bookEntity of type com.hacker.boooks.entity.BookEntity
[ERROR] /D:/yyyuuu/qtricsdl/Boooks-main/Boooks-main/src/main/java/com/hacker/boooks/service/impl/MemberServiceImpl.java:[150,79] invalid method reference
[ERROR]   cannot find symbol
[ERROR]     symbol:   method getName()
[ERROR]     location: class com.hacker.boooks.entity.AuthorEntity
[ERROR] /D:/yyyuuu/qtricsdl/Boooks-main/Boooks-main/src/main/java/com/hacker/boooks/service/impl/MemberServiceImpl.java:[151,29] cannot find symbol
[ERROR]   symbol:   method setAuthor(java.lang.String)
[ERROR]   location: variable book of type com.hacker.boooks.bean.Book
[ERROR] /D:/yyyuuu/qtricsdl/Boooks-main/Boooks-main/src/main/java/com/hacker/boooks/entity/AuthEntity.java:[14,8] com.hacker.boooks.entity.AuthEntity is not abstract and does not override abstract method getUsername() in org.springframework.security.core.userdetails.UserDetails
[ERROR] /D:/yyyuuu/qtricsdl/Boooks-main/Boooks-main/src/main/java/com/hacker/boooks/service/impl/AuthenticationServiceImpl.java:[64,23] cannot find symbol
[ERROR]   symbol:   method setUsername(java.lang.String)
[ERROR]   location: variable authEntity of type com.hacker.boooks.entity.AuthEntity
[ERROR] /D:/yyyuuu/qtricsdl/Boooks-main/Boooks-main/src/main/java/com/hacker/boooks/service/impl/AuthenticationServiceImpl.java:[65,23] cannot find symbol
[ERROR]   symbol:   method setPassword(java.lang.String)
[ERROR]   location: variable authEntity of type com.hacker.boooks.entity.AuthEntity
[ERROR] /D:/yyyuuu/qtricsdl/Boooks-main/Boooks-main/src/main/java/com/hacker/boooks/service/impl/AuthenticationServiceImpl.java:[66,23] cannot find symbol
[ERROR]   symbol:   method setCreationTime(java.sql.Timestamp)
[ERROR]   location: variable authEntity of type com.hacker.boooks.entity.AuthEntity
[ERROR] /D:/yyyuuu/qtricsdl/Boooks-main/Boooks-main/src/main/java/com/hacker/boooks/service/impl/AuthenticationServiceImpl.java:[67,23] cannot find symbol
[ERROR]   symbol:   method setLastLogin(java.sql.Timestamp)
[ERROR]   location: variable authEntity of type com.hacker.boooks.entity.AuthEntity
[ERROR] /D:/yyyuuu/qtricsdl/Boooks-main/Boooks-main/src/main/java/com/hacker/boooks/service/impl/AuthenticationServiceImpl.java:[68,23] cannot find symbol
[ERROR]   symbol:   method setRefreshToken(java.lang.String)
[ERROR]   location: variable authEntity of type com.hacker.boooks.entity.AuthEntity
[ERROR] /D:/yyyuuu/qtricsdl/Boooks-main/Boooks-main/src/main/java/com/hacker/boooks/service/impl/AuthenticationServiceImpl.java:[69,23] cannot find symbol
[ERROR]   symbol:   method setIsActivated(boolean)
[ERROR]   location: variable authEntity of type com.hacker.boooks.entity.AuthEntity
[ERROR] /D:/yyyuuu/qtricsdl/Boooks-main/Boooks-main/src/main/java/com/hacker/boooks/service/impl/AuthenticationServiceImpl.java:[76,35] cannot find symbol
[ERROR]   symbol:   method setAccessToken(java.lang.String)
[ERROR]   location: variable authenticationResponse of type com.hacker.boooks.bean.AuthenticationResponse
[ERROR] /D:/yyyuuu/qtricsdl/Boooks-main/Boooks-main/src/main/java/com/hacker/boooks/service/impl/AuthenticationServiceImpl.java:[77,35] cannot find symbol
[ERROR]   symbol:   method setRefreshToken(java.lang.String)
[ERROR]   location: variable authenticationResponse of type com.hacker.boooks.bean.AuthenticationResponse
[ERROR] /D:/yyyuuu/qtricsdl/Boooks-main/Boooks-main/src/main/java/com/hacker/boooks/service/impl/AuthenticationServiceImpl.java:[79,13] cannot find symbol
[ERROR]   symbol:   variable log
[ERROR]   location: class com.hacker.boooks.service.impl.AuthenticationServiceImpl
[ERROR] /D:/yyyuuu/qtricsdl/Boooks-main/Boooks-main/src/main/java/com/hacker/boooks/service/impl/AuthenticationServiceImpl.java:[83,13] cannot find symbol
[ERROR]   symbol:   variable log
[ERROR]   location: class com.hacker.boooks.service.impl.AuthenticationServiceImpl
[ERROR] /D:/yyyuuu/qtricsdl/Boooks-main/Boooks-main/src/main/java/com/hacker/boooks/service/impl/AuthenticationServiceImpl.java:[103,48] cannot find symbol
[ERROR]   symbol:   method getIsActivated()
[ERROR]   location: variable authEntity of type com.hacker.boooks.entity.AuthEntity
[ERROR] /D:/yyyuuu/qtricsdl/Boooks-main/Boooks-main/src/main/java/com/hacker/boooks/service/impl/AuthenticationServiceImpl.java:[104,17] cannot find symbol
[ERROR]   symbol:   variable log
[ERROR]   location: class com.hacker.boooks.service.impl.AuthenticationServiceImpl
[ERROR] /D:/yyyuuu/qtricsdl/Boooks-main/Boooks-main/src/main/java/com/hacker/boooks/service/impl/AuthenticationServiceImpl.java:[110,23] cannot find symbol
[ERROR]   symbol:   method setLastLogin(java.sql.Timestamp)
[ERROR]   location: variable authEntity of type com.hacker.boooks.entity.AuthEntity
[ERROR] /D:/yyyuuu/qtricsdl/Boooks-main/Boooks-main/src/main/java/com/hacker/boooks/service/impl/AuthenticationServiceImpl.java:[111,23] cannot find symbol
[ERROR]   symbol:   method setRefreshToken(java.lang.String)
[ERROR]   location: variable authEntity of type com.hacker.boooks.entity.AuthEntity
[ERROR] /D:/yyyuuu/qtricsdl/Boooks-main/Boooks-main/src/main/java/com/hacker/boooks/service/impl/AuthenticationServiceImpl.java:[117,35] cannot find symbol
[ERROR]   symbol:   method setAccessToken(java.lang.String)
[ERROR]   location: variable authenticationResponse of type com.hacker.boooks.bean.AuthenticationResponse
[ERROR] /D:/yyyuuu/qtricsdl/Boooks-main/Boooks-main/src/main/java/com/hacker/boooks/service/impl/AuthenticationServiceImpl.java:[118,35] cannot find symbol
[ERROR]   symbol:   method setRefreshToken(java.lang.String)
[ERROR]   location: variable authenticationResponse of type com.hacker.boooks.bean.AuthenticationResponse
[ERROR] /D:/yyyuuu/qtricsdl/Boooks-main/Boooks-main/src/main/java/com/hacker/boooks/service/impl/AuthenticationServiceImpl.java:[120,13] cannot find symbol
[ERROR]   symbol:   variable log
[ERROR]   location: class com.hacker.boooks.service.impl.AuthenticationServiceImpl
[ERROR] /D:/yyyuuu/qtricsdl/Boooks-main/Boooks-main/src/main/java/com/hacker/boooks/service/impl/AuthenticationServiceImpl.java:[124,13] cannot find symbol
[ERROR]   symbol:   variable log
[ERROR]   location: class com.hacker.boooks.service.impl.AuthenticationServiceImpl
[ERROR] /D:/yyyuuu/qtricsdl/Boooks-main/Boooks-main/src/main/java/com/hacker/boooks/service/impl/AuthenticationServiceImpl.java:[127,13] cannot find symbol
[ERROR]   symbol:   variable log
[ERROR]   location: class com.hacker.boooks.service.impl.AuthenticationServiceImpl
[ERROR] /D:/yyyuuu/qtricsdl/Boooks-main/Boooks-main/src/main/java/com/hacker/boooks/service/impl/AuthenticationServiceImpl.java:[130,13] cannot find symbol
[ERROR]   symbol:   variable log
[ERROR]   location: class com.hacker.boooks.service.impl.AuthenticationServiceImpl
[ERROR] /D:/yyyuuu/qtricsdl/Boooks-main/Boooks-main/src/main/java/com/hacker/boooks/service/impl/AuthenticationServiceImpl.java:[148,27] cannot find symbol
[ERROR]   symbol:   method getRefreshToken()
[ERROR]   location: variable authEntity of type com.hacker.boooks.entity.AuthEntity
[ERROR] /D:/yyyuuu/qtricsdl/Boooks-main/Boooks-main/src/main/java/com/hacker/boooks/service/impl/AuthenticationServiceImpl.java:[150,36] cannot find symbol
[ERROR]   symbol:   method setAccessToken(java.lang.String)
[ERROR]   location: variable accessTokenResponse of type com.hacker.boooks.bean.AccessTokenResponse
[ERROR] /D:/yyyuuu/qtricsdl/Boooks-main/Boooks-main/src/main/java/com/hacker/boooks/service/impl/AuthenticationServiceImpl.java:[153,17] cannot find symbol
[ERROR]   symbol:   variable log
[ERROR]   location: class com.hacker.boooks.service.impl.AuthenticationServiceImpl
[ERROR] /D:/yyyuuu/qtricsdl/Boooks-main/Boooks-main/src/main/java/com/hacker/boooks/service/impl/AuthenticationServiceImpl.java:[157,13] cannot find symbol
[ERROR]   symbol:   variable log
[ERROR]   location: class com.hacker.boooks.service.impl.AuthenticationServiceImpl
[ERROR] /D:/yyyuuu/qtricsdl/Boooks-main/Boooks-main/src/main/java/com/hacker/boooks/service/impl/AuthenticationServiceImpl.java:[160,13] cannot find symbol
[ERROR]   symbol:   variable log
[ERROR]   location: class com.hacker.boooks.service.impl.AuthenticationServiceImpl
[ERROR] /D:/yyyuuu/qtricsdl/Boooks-main/Boooks-main/src/main/java/com/hacker/boooks/service/impl/AuthenticationServiceImpl.java:[177,23] cannot find symbol
[ERROR]   symbol:   method setRefreshToken(<nulltype>)
[ERROR]   location: variable authEntity of type com.hacker.boooks.entity.AuthEntity
[ERROR] /D:/yyyuuu/qtricsdl/Boooks-main/Boooks-main/src/main/java/com/hacker/boooks/service/impl/AuthenticationServiceImpl.java:[182,13] cannot find symbol
[ERROR]   symbol:   variable log
[ERROR]   location: class com.hacker.boooks.service.impl.AuthenticationServiceImpl
[ERROR] /D:/yyyuuu/qtricsdl/Boooks-main/Boooks-main/src/main/java/com/hacker/boooks/service/impl/AuthenticationServiceImpl.java:[185,13] cannot find symbol
[ERROR]   symbol:   variable log
[ERROR]   location: class com.hacker.boooks.service.impl.AuthenticationServiceImpl
[ERROR] /D:/yyyuuu/qtricsdl/Boooks-main/Boooks-main/src/main/java/com/hacker/boooks/service/impl/AuthenticationServiceImpl.java:[206,27] cannot find symbol
[ERROR]   symbol:   method getPassword()
[ERROR]   location: variable authEntity of type com.hacker.boooks.entity.AuthEntity
[ERROR] /D:/yyyuuu/qtricsdl/Boooks-main/Boooks-main/src/main/java/com/hacker/boooks/service/impl/AuthenticationServiceImpl.java:[207,27] cannot find symbol
[ERROR]   symbol:   method setPassword(java.lang.String)
[ERROR]   location: variable authEntity of type com.hacker.boooks.entity.AuthEntity
[ERROR] /D:/yyyuuu/qtricsdl/Boooks-main/Boooks-main/src/main/java/com/hacker/boooks/service/impl/AuthenticationServiceImpl.java:[215,13] cannot find symbol
[ERROR]   symbol:   variable log
[ERROR]   location: class com.hacker.boooks.service.impl.AuthenticationServiceImpl
[ERROR] /D:/yyyuuu/qtricsdl/Boooks-main/Boooks-main/src/main/java/com/hacker/boooks/service/impl/AuthenticationServiceImpl.java:[218,13] cannot find symbol
[ERROR]   symbol:   variable log
[ERROR]   location: class com.hacker.boooks.service.impl.AuthenticationServiceImpl
[ERROR] /D:/yyyuuu/qtricsdl/Boooks-main/Boooks-main/src/main/java/com/hacker/boooks/service/impl/AuthenticationServiceImpl.java:[221,13] cannot find symbol
[ERROR]   symbol:   variable log
[ERROR]   location: class com.hacker.boooks.service.impl.AuthenticationServiceImpl
[ERROR] /D:/yyyuuu/qtricsdl/Boooks-main/Boooks-main/src/main/java/com/hacker/boooks/service/impl/AuthenticationServiceImpl.java:[241,23] cannot find symbol
[ERROR]   symbol:   method setResetToken(java.lang.String)
[ERROR]   location: variable authEntity of type com.hacker.boooks.entity.AuthEntity
[ERROR] /D:/yyyuuu/qtricsdl/Boooks-main/Boooks-main/src/main/java/com/hacker/boooks/service/impl/AuthenticationServiceImpl.java:[246,13] cannot find symbol
[ERROR]   symbol:   variable log
[ERROR]   location: class com.hacker.boooks.service.impl.AuthenticationServiceImpl
[ERROR] /D:/yyyuuu/qtricsdl/Boooks-main/Boooks-main/src/main/java/com/hacker/boooks/service/impl/AuthenticationServiceImpl.java:[249,13] cannot find symbol
[ERROR]   symbol:   variable log
[ERROR]   location: class com.hacker.boooks.service.impl.AuthenticationServiceImpl
[ERROR] /D:/yyyuuu/qtricsdl/Boooks-main/Boooks-main/src/main/java/com/hacker/boooks/service/impl/AuthenticationServiceImpl.java:[269,40] cannot find symbol
[ERROR]   symbol:   method getResetToken()
[ERROR]   location: variable authEntity of type com.hacker.boooks.entity.AuthEntity
[ERROR] /D:/yyyuuu/qtricsdl/Boooks-main/Boooks-main/src/main/java/com/hacker/boooks/service/impl/AuthenticationServiceImpl.java:[270,27] cannot find symbol
[ERROR]   symbol:   method setPassword(java.lang.String)
[ERROR]   location: variable authEntity of type com.hacker.boooks.entity.AuthEntity
[ERROR] /D:/yyyuuu/qtricsdl/Boooks-main/Boooks-main/src/main/java/com/hacker/boooks/service/impl/AuthenticationServiceImpl.java:[271,27] cannot find symbol
[ERROR]   symbol:   method setRefreshToken(<nulltype>)
[ERROR]   location: variable authEntity of type com.hacker.boooks.entity.AuthEntity
[ERROR] /D:/yyyuuu/qtricsdl/Boooks-main/Boooks-main/src/main/java/com/hacker/boooks/service/impl/AuthenticationServiceImpl.java:[272,27] cannot find symbol
[ERROR]   symbol:   method setResetToken(<nulltype>)
[ERROR]   location: variable authEntity of type com.hacker.boooks.entity.AuthEntity
[ERROR] /D:/yyyuuu/qtricsdl/Boooks-main/Boooks-main/src/main/java/com/hacker/boooks/service/impl/AuthenticationServiceImpl.java:[278,17] cannot find symbol
[ERROR]   symbol:   variable log
[ERROR]   location: class com.hacker.boooks.service.impl.AuthenticationServiceImpl
[ERROR] /D:/yyyuuu/qtricsdl/Boooks-main/Boooks-main/src/main/java/com/hacker/boooks/service/impl/AuthenticationServiceImpl.java:[283,13] cannot find symbol
[ERROR]   symbol:   variable log
[ERROR]   location: class com.hacker.boooks.service.impl.AuthenticationServiceImpl
[ERROR] /D:/yyyuuu/qtricsdl/Boooks-main/Boooks-main/src/main/java/com/hacker/boooks/service/impl/AuthenticationServiceImpl.java:[286,13] cannot find symbol
[ERROR]   symbol:   variable log
[ERROR]   location: class com.hacker.boooks.service.impl.AuthenticationServiceImpl
[ERROR] /D:/yyyuuu/qtricsdl/Boooks-main/Boooks-main/src/main/java/com/hacker/boooks/service/impl/AuthenticationServiceImpl.java:[304,49] cannot find symbol
[ERROR]   symbol:   method getUsername()
[ERROR]   location: variable authEntity of type com.hacker.boooks.entity.AuthEntity
[ERROR] -> [Help 1]
[ERROR] 
[ERROR] To see the full stack trace of the errors, re-run Maven with the -e switch.
[ERROR] Re-run Maven using the -X switch to enable full debug logging.
[ERROR] 
[ERROR] For more information about the errors and possible solutions, please read the following articles:
[ERROR] [Help 1] http://cwiki.apache.org/confluence/display/MAVEN/MojoFailureException
